  opengl_backend.cpp
C:\Users\User\Desktop\MOCHI\Mochi_Game_Engine\code\Engine\src\core\logger.h(37,5): warning C4067: unexpected tokens following preprocessor directive - expected a newline
  (compiling source file 'src/renderer/OpenGL/opengl_backend.cpp')
  
C:\Users\User\Desktop\MOCHI\Mochi_Game_Engine\code\Engine\src\core\logger.h(43,5): warning C4067: unexpected tokens following preprocessor directive - expected a newline
  (compiling source file 'src/renderer/OpenGL/opengl_backend.cpp')
  
C:\Users\User\Desktop\MOCHI\Mochi_Game_Engine\code\Engine\src\core\logger.h(49,5): warning C4067: unexpected tokens following preprocessor directive - expected a newline
  (compiling source file 'src/renderer/OpenGL/opengl_backend.cpp')
  
C:\Users\User\Desktop\MOCHI\Mochi_Game_Engine\code\Engine\src\core\logger.h(55,5): warning C4067: unexpected tokens following preprocessor directive - expected a newline
  (compiling source file 'src/renderer/OpenGL/opengl_backend.cpp')
  
C:\Users\User\Desktop\MOCHI\Mochi_Game_Engine\code\Engine\src\renderer\OpenGL\opengl_backend.cpp(334,43): warning C4244: '=': conversion from 'u64' to 'u32', possible loss of data
C:\Users\User\Desktop\MOCHI\Mochi_Game_Engine\code\Engine\src\renderer\OpenGL\opengl_backend.cpp(345,46): warning C4244: '=': conversion from 'u64' to 'u32', possible loss of data
  renderer_frontend.cpp
C:\Users\User\Desktop\MOCHI\Mochi_Game_Engine\code\Engine\src\core\logger.h(37,5): warning C4067: unexpected tokens following preprocessor directive - expected a newline
  (compiling source file 'src/renderer/renderer_frontend.cpp')
  
C:\Users\User\Desktop\MOCHI\Mochi_Game_Engine\code\Engine\src\core\logger.h(43,5): warning C4067: unexpected tokens following preprocessor directive - expected a newline
  (compiling source file 'src/renderer/renderer_frontend.cpp')
  
C:\Users\User\Desktop\MOCHI\Mochi_Game_Engine\code\Engine\src\core\logger.h(49,5): warning C4067: unexpected tokens following preprocessor directive - expected a newline
  (compiling source file 'src/renderer/renderer_frontend.cpp')
  
C:\Users\User\Desktop\MOCHI\Mochi_Game_Engine\code\Engine\src\core\logger.h(55,5): warning C4067: unexpected tokens following preprocessor directive - expected a newline
  (compiling source file 'src/renderer/renderer_frontend.cpp')
  
  Generating Code...
  Engine.vcxproj -> C:\Users\User\Desktop\MOCHI\Mochi_Game_Engine\code\bin\Debug\Engine.dll
